// Jest Snapshot v1, https://goo.gl/fbAQLP

exports[`OrganizationAccessRequests renders empty 1`] = `""`;

exports[`OrganizationAccessRequests renders list 1`] = `
<div
  className="panel panel-default horizontal-scroll"
>
  <table
    className="table"
    id="access_request_list"
  >
    <thead>
      <tr>
        <th
          colSpan="2"
        >
          Pending Access Requests
        </th>
      </tr>
    </thead>
    <tbody>
      <tr
        key="0"
      >
        <td>
          <span
            key="5"
          >
            <strong
              key="0"
            >
              sentry@test.com
            </strong>
            <span
              key="1"
            >
               requests access to the 
            </span>
            <strong
              key="2"
            >
              Team Name
            </strong>
            <span
              key="3"
            >
               team.
            </span>
          </span>
        </td>
        <td
          className="align-right"
        >
          <Button
            disabled={false}
            onClick={[Function]}
            priority="primary"
            size="small"
            style={
              Object {
                "marginRight": 4,
              }
            }
          >
            Approve
          </Button>
          <Button
            disabled={false}
            onClick={[Function]}
            size="small"
          >
            Deny
          </Button>
        </td>
      </tr>
    </tbody>
  </table>
</div>
`;
